// Jest Snapshot v1, https://goo.gl/fbAQLP

exports[`matches calculator snapshot 1`] = `
<div
  id="app"
>
  <div
    className="main-screen"
  >
    <span
      className="screen"
    >
      0
    </span>
    <span
      className="screen"
    />
    <span
      className="screen"
    />
  </div>
  <div
    className="buttonContainer"
  >
    <div
      className="row-2"
    >
      <button
        className="button"
        onClick={[Function]}
        type="button"
      >
        AC
      </button>
      <button
        className="button"
        onClick={[Function]}
        type="button"
      >
        +/-
      </button>
      <button
        className="button"
        onClick={[Function]}
        type="button"
      >
        %
      </button>
      <button
        className="button main"
        onClick={[Function]}
        type="button"
      >
        รท
      </button>
    </div>
    <div
      className="row-3"
    >
      <button
        className="button"
        onClick={[Function]}
        type="button"
      >
        7
      </button>
      <button
        className="button"
        onClick={[Function]}
        type="button"
      >
        8
      </button>
      <button
        className="button"
        onClick={[Function]}
        type="button"
      >
        9
      </button>
      <button
        className="button main"
        onClick={[Function]}
        type="button"
      >
        x
      </button>
    </div>
    <div
      className="row-4"
    >
      <button
        className="button"
        onClick={[Function]}
        type="button"
      >
        4
      </button>
      <button
        className="button"
        onClick={[Function]}
        type="button"
      >
        5
      </button>
      <button
        className="button"
        onClick={[Function]}
        type="button"
      >
        6
      </button>
      <button
        className="button main"
        onClick={[Function]}
        type="button"
      >
        -
      </button>
    </div>
    <div
      className="row-5"
    >
      <button
        className="button"
        onClick={[Function]}
        type="button"
      >
        1
      </button>
      <button
        className="button"
        onClick={[Function]}
        type="button"
      >
        2
      </button>
      <button
        className="button"
        onClick={[Function]}
        type="button"
      >
        3
      </button>
      <button
        className="button main"
        onClick={[Function]}
        type="button"
      >
        +
      </button>
    </div>
    <div
      className="row-6"
    >
      <button
        className="button double"
        onClick={[Function]}
        type="button"
      >
        0
      </button>
      <button
        className="button"
        onClick={[Function]}
        type="button"
      >
        .
      </button>
      <button
        className="button main"
        onClick={[Function]}
        type="button"
      >
        =
      </button>
    </div>
  </div>
</div>
`;
