// Jest Snapshot v1, https://goo.gl/fbAQLP

exports[`matches display snapshot 1`] = `
<div
  className="main-screen"
>
  <span
    className="screen"
  >
    0
  </span>
  <span
    className="screen"
  />
  <span
    className="screen"
  />
</div>
`;
